// Jest Snapshot v1, https://goo.gl/fbAQLP

exports[`App Should match snapshot 1`] = `
{
  "asFragment": [Function],
  "baseElement": <body>
    <div>
      <div>
        <h1>
          React Photo Viewer
        </h1>
        <div>
          <img
            alt="dynamic top image"
            class="topImage"
            src="https://picsum.photos/id/600/1600/900.jpg"
          />
        </div>
        <div
          class="imageSelector"
        >
          <button>
            <img
              alt="button"
              class="galleryItem"
              src="https://picsum.photos/id/600/400/300.jpg"
            />
          </button>
          <button>
            <img
              alt="button"
              class="galleryItem"
              src="https://picsum.photos/id/602/400/300.jpg"
            />
          </button>
          <button>
            <img
              alt="button"
              class="galleryItem"
              src="https://picsum.photos/id/603/400/300.jpg"
            />
          </button>
          <button>
            <img
              alt="button"
              class="galleryItem"
              src="https://picsum.photos/id/604/400/300.jpg"
            />
          </button>
          <button>
            <img
              alt="button"
              class="galleryItem"
              src="https://picsum.photos/id/605/400/300.jpg"
            />
          </button>
          <button>
            <img
              alt="button"
              class="galleryItem"
              src="https://picsum.photos/id/606/400/300.jpg"
            />
          </button>
          <button>
            <img
              alt="button"
              class="galleryItem"
              src="https://picsum.photos/id/607/400/300.jpg"
            />
          </button>
          <button>
            <img
              alt="button"
              class="galleryItem"
              src="https://picsum.photos/id/608/400/300.jpg"
            />
          </button>
          <button>
            <img
              alt="button"
              class="galleryItem"
              src="https://picsum.photos/id/609/400/300.jpg"
            />
          </button>
          <button>
            <img
              alt="button"
              class="galleryItem"
              src="https://picsum.photos/id/610/400/300.jpg"
            />
          </button>
          <button>
            <img
              alt="button"
              class="galleryItem"
              src="https://picsum.photos/id/611/400/300.jpg"
            />
          </button>
          <button>
            <img
              alt="button"
              class="galleryItem"
              src="https://picsum.photos/id/612/400/300.jpg"
            />
          </button>
          <button>
            <img
              alt="button"
              class="galleryItem"
              src="https://picsum.photos/id/613/400/300.jpg"
            />
          </button>
          <button>
            <img
              alt="button"
              class="galleryItem"
              src="https://picsum.photos/id/614/400/300.jpg"
            />
          </button>
          <button>
            <img
              alt="button"
              class="galleryItem"
              src="https://picsum.photos/id/615/400/300.jpg"
            />
          </button>
          <button>
            <img
              alt="button"
              class="galleryItem"
              src="https://picsum.photos/id/616/400/300.jpg"
            />
          </button>
          <button>
            <img
              alt="button"
              class="galleryItem"
              src="https://picsum.photos/id/617/400/300.jpg"
            />
          </button>
          <button>
            <img
              alt="button"
              class="galleryItem"
              src="https://picsum.photos/id/618/400/300.jpg"
            />
          </button>
          <button>
            <img
              alt="button"
              class="galleryItem"
              src="https://picsum.photos/id/619/400/300.jpg"
            />
          </button>
          <button>
            <img
              alt="button"
              class="galleryItem"
              src="https://picsum.photos/id/620/400/300.jpg"
            />
          </button>
          <button>
            <img
              alt="button"
              class="galleryItem"
              src="https://picsum.photos/id/621/400/300.jpg"
            />
          </button>
          <button>
            <img
              alt="button"
              class="galleryItem"
              src="https://picsum.photos/id/622/400/300.jpg"
            />
          </button>
          <button>
            <img
              alt="button"
              class="galleryItem"
              src="https://picsum.photos/id/623/400/300.jpg"
            />
          </button>
          <button>
            <img
              alt="button"
              class="galleryItem"
              src="https://picsum.photos/id/625/400/300.jpg"
            />
          </button>
          <button>
            <img
              alt="button"
              class="galleryItem"
              src="https://picsum.photos/id/626/400/300.jpg"
            />
          </button>
          <button>
            <img
              alt="button"
              class="galleryItem"
              src="https://picsum.photos/id/627/400/300.jpg"
            />
          </button>
          <button>
            <img
              alt="button"
              class="galleryItem"
              src="https://picsum.photos/id/628/400/300.jpg"
            />
          </button>
          <button>
            <img
              alt="button"
              class="galleryItem"
              src="https://picsum.photos/id/629/400/300.jpg"
            />
          </button>
          <button>
            <img
              alt="button"
              class="galleryItem"
              src="https://picsum.photos/id/630/400/300.jpg"
            />
          </button>
          <button>
            <img
              alt="button"
              class="galleryItem"
              src="https://picsum.photos/id/631/400/300.jpg"
            />
          </button>
          <button>
            <img
              alt="button"
              class="galleryItem"
              src="https://picsum.photos/id/633/400/300.jpg"
            />
          </button>
          <button>
            <img
              alt="button"
              class="galleryItem"
              src="https://picsum.photos/id/634/400/300.jpg"
            />
          </button>
          <button>
            <img
              alt="button"
              class="galleryItem"
              src="https://picsum.photos/id/635/400/300.jpg"
            />
          </button>
          <button>
            <img
              alt="button"
              class="galleryItem"
              src="https://picsum.photos/id/637/400/300.jpg"
            />
          </button>
          <button>
            <img
              alt="button"
              class="galleryItem"
              src="https://picsum.photos/id/638/400/300.jpg"
            />
          </button>
          <button>
            <img
              alt="button"
              class="galleryItem"
              src="https://picsum.photos/id/639/400/300.jpg"
            />
          </button>
          <button>
            <img
              alt="button"
              class="galleryItem"
              src="https://picsum.photos/id/640/400/300.jpg"
            />
          </button>
          <button>
            <img
              alt="button"
              class="galleryItem"
              src="https://picsum.photos/id/641/400/300.jpg"
            />
          </button>
          <button>
            <img
              alt="button"
              class="galleryItem"
              src="https://picsum.photos/id/642/400/300.jpg"
            />
          </button>
          <button>
            <img
              alt="button"
              class="galleryItem"
              src="https://picsum.photos/id/643/400/300.jpg"
            />
          </button>
          <button>
            <img
              alt="button"
              class="galleryItem"
              src="https://picsum.photos/id/645/400/300.jpg"
            />
          </button>
          <button>
            <img
              alt="button"
              class="galleryItem"
              src="https://picsum.photos/id/646/400/300.jpg"
            />
          </button>
          <button>
            <img
              alt="button"
              class="galleryItem"
              src="https://picsum.photos/id/648/400/300.jpg"
            />
          </button>
          <button>
            <img
              alt="button"
              class="galleryItem"
              src="https://picsum.photos/id/649/400/300.jpg"
            />
          </button>
        </div>
      </div>
    </div>
  </body>,
  "container": <div>
    <div>
      <h1>
        React Photo Viewer
      </h1>
      <div>
        <img
          alt="dynamic top image"
          class="topImage"
          src="https://picsum.photos/id/600/1600/900.jpg"
        />
      </div>
      <div
        class="imageSelector"
      >
        <button>
          <img
            alt="button"
            class="galleryItem"
            src="https://picsum.photos/id/600/400/300.jpg"
          />
        </button>
        <button>
          <img
            alt="button"
            class="galleryItem"
            src="https://picsum.photos/id/602/400/300.jpg"
          />
        </button>
        <button>
          <img
            alt="button"
            class="galleryItem"
            src="https://picsum.photos/id/603/400/300.jpg"
          />
        </button>
        <button>
          <img
            alt="button"
            class="galleryItem"
            src="https://picsum.photos/id/604/400/300.jpg"
          />
        </button>
        <button>
          <img
            alt="button"
            class="galleryItem"
            src="https://picsum.photos/id/605/400/300.jpg"
          />
        </button>
        <button>
          <img
            alt="button"
            class="galleryItem"
            src="https://picsum.photos/id/606/400/300.jpg"
          />
        </button>
        <button>
          <img
            alt="button"
            class="galleryItem"
            src="https://picsum.photos/id/607/400/300.jpg"
          />
        </button>
        <button>
          <img
            alt="button"
            class="galleryItem"
            src="https://picsum.photos/id/608/400/300.jpg"
          />
        </button>
        <button>
          <img
            alt="button"
            class="galleryItem"
            src="https://picsum.photos/id/609/400/300.jpg"
          />
        </button>
        <button>
          <img
            alt="button"
            class="galleryItem"
            src="https://picsum.photos/id/610/400/300.jpg"
          />
        </button>
        <button>
          <img
            alt="button"
            class="galleryItem"
            src="https://picsum.photos/id/611/400/300.jpg"
          />
        </button>
        <button>
          <img
            alt="button"
            class="galleryItem"
            src="https://picsum.photos/id/612/400/300.jpg"
          />
        </button>
        <button>
          <img
            alt="button"
            class="galleryItem"
            src="https://picsum.photos/id/613/400/300.jpg"
          />
        </button>
        <button>
          <img
            alt="button"
            class="galleryItem"
            src="https://picsum.photos/id/614/400/300.jpg"
          />
        </button>
        <button>
          <img
            alt="button"
            class="galleryItem"
            src="https://picsum.photos/id/615/400/300.jpg"
          />
        </button>
        <button>
          <img
            alt="button"
            class="galleryItem"
            src="https://picsum.photos/id/616/400/300.jpg"
          />
        </button>
        <button>
          <img
            alt="button"
            class="galleryItem"
            src="https://picsum.photos/id/617/400/300.jpg"
          />
        </button>
        <button>
          <img
            alt="button"
            class="galleryItem"
            src="https://picsum.photos/id/618/400/300.jpg"
          />
        </button>
        <button>
          <img
            alt="button"
            class="galleryItem"
            src="https://picsum.photos/id/619/400/300.jpg"
          />
        </button>
        <button>
          <img
            alt="button"
            class="galleryItem"
            src="https://picsum.photos/id/620/400/300.jpg"
          />
        </button>
        <button>
          <img
            alt="button"
            class="galleryItem"
            src="https://picsum.photos/id/621/400/300.jpg"
          />
        </button>
        <button>
          <img
            alt="button"
            class="galleryItem"
            src="https://picsum.photos/id/622/400/300.jpg"
          />
        </button>
        <button>
          <img
            alt="button"
            class="galleryItem"
            src="https://picsum.photos/id/623/400/300.jpg"
          />
        </button>
        <button>
          <img
            alt="button"
            class="galleryItem"
            src="https://picsum.photos/id/625/400/300.jpg"
          />
        </button>
        <button>
          <img
            alt="button"
            class="galleryItem"
            src="https://picsum.photos/id/626/400/300.jpg"
          />
        </button>
        <button>
          <img
            alt="button"
            class="galleryItem"
            src="https://picsum.photos/id/627/400/300.jpg"
          />
        </button>
        <button>
          <img
            alt="button"
            class="galleryItem"
            src="https://picsum.photos/id/628/400/300.jpg"
          />
        </button>
        <button>
          <img
            alt="button"
            class="galleryItem"
            src="https://picsum.photos/id/629/400/300.jpg"
          />
        </button>
        <button>
          <img
            alt="button"
            class="galleryItem"
            src="https://picsum.photos/id/630/400/300.jpg"
          />
        </button>
        <button>
          <img
            alt="button"
            class="galleryItem"
            src="https://picsum.photos/id/631/400/300.jpg"
          />
        </button>
        <button>
          <img
            alt="button"
            class="galleryItem"
            src="https://picsum.photos/id/633/400/300.jpg"
          />
        </button>
        <button>
          <img
            alt="button"
            class="galleryItem"
            src="https://picsum.photos/id/634/400/300.jpg"
          />
        </button>
        <button>
          <img
            alt="button"
            class="galleryItem"
            src="https://picsum.photos/id/635/400/300.jpg"
          />
        </button>
        <button>
          <img
            alt="button"
            class="galleryItem"
            src="https://picsum.photos/id/637/400/300.jpg"
          />
        </button>
        <button>
          <img
            alt="button"
            class="galleryItem"
            src="https://picsum.photos/id/638/400/300.jpg"
          />
        </button>
        <button>
          <img
            alt="button"
            class="galleryItem"
            src="https://picsum.photos/id/639/400/300.jpg"
          />
        </button>
        <button>
          <img
            alt="button"
            class="galleryItem"
            src="https://picsum.photos/id/640/400/300.jpg"
          />
        </button>
        <button>
          <img
            alt="button"
            class="galleryItem"
            src="https://picsum.photos/id/641/400/300.jpg"
          />
        </button>
        <button>
          <img
            alt="button"
            class="galleryItem"
            src="https://picsum.photos/id/642/400/300.jpg"
          />
        </button>
        <button>
          <img
            alt="button"
            class="galleryItem"
            src="https://picsum.photos/id/643/400/300.jpg"
          />
        </button>
        <button>
          <img
            alt="button"
            class="galleryItem"
            src="https://picsum.photos/id/645/400/300.jpg"
          />
        </button>
        <button>
          <img
            alt="button"
            class="galleryItem"
            src="https://picsum.photos/id/646/400/300.jpg"
          />
        </button>
        <button>
          <img
            alt="button"
            class="galleryItem"
            src="https://picsum.photos/id/648/400/300.jpg"
          />
        </button>
        <button>
          <img
            alt="button"
            class="galleryItem"
            src="https://picsum.photos/id/649/400/300.jpg"
          />
        </button>
      </div>
    </div>
  </div>,
  "debug": [Function],
  "findAllByAltText": [Function],
  "findAllByDisplayValue": [Function],
  "findAllByLabelText": [Function],
  "findAllByPlaceholderText": [Function],
  "findAllByRole": [Function],
  "findAllByTestId": [Function],
  "findAllByText": [Function],
  "findAllByTitle": [Function],
  "findByAltText": [Function],
  "findByDisplayValue": [Function],
  "findByLabelText": [Function],
  "findByPlaceholderText": [Function],
  "findByRole": [Function],
  "findByTestId": [Function],
  "findByText": [Function],
  "findByTitle": [Function],
  "getAllByAltText": [Function],
  "getAllByDisplayValue": [Function],
  "getAllByLabelText": [Function],
  "getAllByPlaceholderText": [Function],
  "getAllByRole": [Function],
  "getAllByTestId": [Function],
  "getAllByText": [Function],
  "getAllByTitle": [Function],
  "getByAltText": [Function],
  "getByDisplayValue": [Function],
  "getByLabelText": [Function],
  "getByPlaceholderText": [Function],
  "getByRole": [Function],
  "getByTestId": [Function],
  "getByText": [Function],
  "getByTitle": [Function],
  "queryAllByAltText": [Function],
  "queryAllByDisplayValue": [Function],
  "queryAllByLabelText": [Function],
  "queryAllByPlaceholderText": [Function],
  "queryAllByRole": [Function],
  "queryAllByTestId": [Function],
  "queryAllByText": [Function],
  "queryAllByTitle": [Function],
  "queryByAltText": [Function],
  "queryByDisplayValue": [Function],
  "queryByLabelText": [Function],
  "queryByPlaceholderText": [Function],
  "queryByRole": [Function],
  "queryByTestId": [Function],
  "queryByText": [Function],
  "queryByTitle": [Function],
  "rerender": [Function],
  "unmount": [Function],
}
`;
